// Jest Snapshot v1, https://goo.gl/fbAQLP

exports[`<IconToggle /> -- Snapshot renders properly 1`] = `
<View
  accessible={true}
  focusable={true}
  onClick={[Function]}
  onResponderGrant={[Function]}
  onResponderMove={[Function]}
  onResponderRelease={[Function]}
  onResponderTerminate={[Function]}
  onResponderTerminationRequest={[Function]}
  onStartShouldSetResponder={[Function]}
  style={
    Object {
      "marginBottom": 5,
      "opacity": 1,
    }
  }
  testID="button"
>
  <Text />
</View>
`;
